(PROGRAM NAME:p begin
  (PROC_DECL NAME:a begin in
    (ASSIGN_STMT
      (DEREF_VAR NAME:x) Floatliteral:1.000000)
    (ASSIGN_STMT
      (DEREF_VAR
        (DEREF_VAR NAME:x)) Floatliteral:1.000000)
    (IF_STMT Intliteral:1)
    (IF_STMT Intliteral:2
      (else))
    (IF_STMT Intliteral:2
      (ASSIGN_STMT NAME:x (+ NAME:x Intliteral:1))
      (ASSIGN_STMT NAME:x (+ NAME:x Intliteral:1))
      (ASSIGN_STMT NAME:x (+ NAME:x Intliteral:1))
      (ASSIGN_STMT NAME:x (+ NAME:x Intliteral:1))
      (ASSIGN_STMT NAME:x (+ NAME:x Intliteral:1))
      (else
        (ASSIGN_STMT NAME:x (+ NAME:x Intliteral:1))
        (ASSIGN_STMT NAME:x (<= NAME:x Intliteral:1))))
    (WHILE_STMT null
      (RETURN_STMT)
      (CALL_STMT NAME:f Intliteral:2)
      (CALL_STMT NAME:f Intliteral:4 Intliteral:4 Intliteral:4 Intliteral:5)
      (RETURN_STMT (+ Intliteral:1 Intliteral:2))
      (IF_STMT Intliteral:2
        (else)))
  end)
end)